// Jest Snapshot v1, https://goo.gl/fbAQLP

exports[`addPortletLinkHandler Adds a span with icon class to menus 1`] = `
"
		<ul class=\\"vector-menu\\">
			<li class=\\"mw-list-item mw-list-item-js\\" id=\\"test-id\\">
				<a href=\\"#test-href\\">
					<span>
						test link content
					</span>
				</a>
			</li>
		</ul>"
`;

exports[`addPortletLinkHandler Does not add an icon when noicon class is present 1`] = `
"
		<ul class=\\"vector-menu\\">
			<li class=\\"mw-list-item mw-list-item-js\\" id=\\"test-id\\">
				<a href=\\"#test-href\\">
					<span>
						test link content
					</span>
				</a>
			</li>
		</ul>"
`;
